
> lec-platform@0.1.0 build
> next build

Γû▓ Next.js 16.1.6 (Turbopack)
- Environments: .env.local

node.exe : ΓÜá The 
"middleware" file 
convention is 
deprecated. Please use 
"proxy" instead. Learn 
more: https://nextjs.or
g/docs/messages/middlew
are-to-proxy
At line:1 char:1
+ & "C:\nvm4w\nodejs/no
de.exe" "C:\nvm4w\nodej
s/node_modules/npm/bin/
np ...
+ ~~~~~~~~~~~~~~~~~~~~~
~~~~~~~~~~~~~~~~~~~~~~~
~~~~~~~~~~~~~~~~~~~~~~~
~~
    + CategoryInfo     
         : NotSpecifi  
  ed: (ΓÜá The "midd   
 le...leware-to-pro    
xy:String) [], Rem    
oteException
    + FullyQualifiedEr 
   rorId : NativeComm  
  andError
 
  Creating an optimized production build ...
Γ£ô Compiled successfully in 8.2s
  Running TypeScript ...
  Collecting page data using 11 workers ...
  Generating static pages using 11 workers (0/52) ...
  Generating static pages using 11 workers (13/52) 
  Generating static pages using 11 workers (26/52) 
  Generating static pages using 11 workers (39/52) 
Γ£ô Generating static pages using 11 workers (52/52) in 985.8ms
  Finalizing page optimization ...

Route (app)
Γöî Γùï /
Γö£ Γùï /_not-found
Γö£ ╞Æ /api/test-db
Γö£ ╞Æ /api/v1/applicators
Γö£ ╞Æ /api/v1/applicators/[id]
Γö£ ╞Æ /api/v1/applicators/bulk
Γö£ ╞Æ /api/v1/audit-logs
Γö£ ╞Æ /api/v1/catalog
Γö£ ╞Æ /api/v1/cenni
Γö£ ╞Æ /api/v1/cenni/[id]
Γö£ ╞Æ /api/v1/cenni/bulk
Γö£ ╞Æ /api/v1/dashboard/stats
Γö£ ╞Æ /api/v1/events
Γö£ ╞Æ /api/v1/events/[id]
Γö£ ╞Æ /api/v1/events/[id]/recalculate
Γö£ ╞Æ /api/v1/events/[id]/sessions
Γö£ ╞Æ /api/v1/events/[id]/sessions/[sessionId]
Γö£ ╞Æ /api/v1/events/[id]/sessions/[sessionId]/recalculate
Γö£ ╞Æ /api/v1/events/[id]/slots
Γö£ ╞Æ /api/v1/exam-codes
Γö£ ╞Æ /api/v1/exam-codes/[id]
Γö£ ╞Æ /api/v1/invitations
Γö£ ╞Æ /api/v1/invitations/[id]
Γö£ ╞Æ /api/v1/packs
Γö£ ╞Æ /api/v1/packs/[id]
Γö£ ╞Æ /api/v1/payments
Γö£ ╞Æ /api/v1/payments/[id]
Γö£ ╞Æ /api/v1/payments/catalog
Γö£ ╞Æ /api/v1/payroll
Γö£ ╞Æ /api/v1/purchase-orders
Γö£ ╞Æ /api/v1/purchase-orders/[id]
Γö£ ╞Æ /api/v1/quotes
Γö£ ╞Æ /api/v1/quotes/[id]
Γö£ ╞Æ /api/v1/scan
Γö£ ╞Æ /api/v1/schools
Γö£ ╞Æ /api/v1/schools/[id]
Γö£ ╞Æ /api/v1/settings
Γö£ ╞Æ /api/v1/toefl/administrations
Γö£ ╞Æ /api/v1/toefl/administrations/[id]
Γö£ ╞Æ /api/v1/toefl/codes
Γö£ ╞Æ /api/v1/toefl/codes/[id]
Γö£ ╞Æ /api/v1/users
Γö£ ╞Æ /api/v1/users/[id]
Γö£ ╞Æ /api/v1/users/me
Γö£ Γùï /dashboard
Γö£ Γùï /dashboard/actividad
Γö£ Γùï /dashboard/applicators
Γö£ Γùï /dashboard/calculadora-tiempos
Γö£ Γùï /dashboard/catalogo
Γö£ Γùï /dashboard/cenni
Γö£ Γùï /dashboard/codigos
Γö£ Γùï /dashboard/cotizaciones
Γö£ Γùï /dashboard/eventos
Γö£ ╞Æ /dashboard/eventos/[eventId]
Γö£ ╞Æ /dashboard/eventos/planner/[id]
Γö£ ╞Æ /dashboard/eventos/planner/[id]/sessions/[sessionId]
Γö£ Γùï /dashboard/inventario
Γö£ Γùï /dashboard/nomina
Γö£ Γùï /dashboard/ordenes
Γö£ Γùï /dashboard/pagos
Γö£ Γùï /dashboard/schools
Γö£ Γùï /dashboard/sedes
Γö£ Γùï /dashboard/toefl/administraciones
Γö£ Γùï /dashboard/toefl/codigos
Γö£ Γùï /dashboard/users
Γö£ ╞Æ /join/[token]
Γö£ Γùï /login
Γö£ Γùï /portal
Γö£ Γùï /portal/horarios
Γö£ Γùï /portal/metricas
Γö£ Γùï /portal/nomina
Γöö Γùï /register


╞Æ Proxy (Middleware)

Γùï  (Static)   prerendered as static content
╞Æ  (Dynamic)  server-rendered on demand

